TimeQuest Timing Analyzer report for DES_ALGORITHM_128BIT
Wed Dec 03 18:51:53 2025
Quartus II 64-Bit Version 13.0.1 Build 232 06/12/2013 Service Pack 1 SJ Web Edition


---------------------
; Table of Contents ;
---------------------
  1. Legal Notice
  2. TimeQuest Timing Analyzer Summary
  3. Parallel Compilation
  4. SDC File List
  5. Clocks
  6. Slow Model Fmax Summary
  7. Slow Model Setup Summary
  8. Slow Model Hold Summary
  9. Slow Model Recovery Summary
 10. Slow Model Removal Summary
 11. Slow Model Minimum Pulse Width Summary
 12. Slow Model Setup: 'Clk'
 13. Slow Model Hold: 'Clk'
 14. Slow Model Minimum Pulse Width: 'Clk'
 15. Clock to Output Times
 16. Minimum Clock to Output Times
 17. Fast Model Setup Summary
 18. Fast Model Hold Summary
 19. Fast Model Recovery Summary
 20. Fast Model Removal Summary
 21. Fast Model Minimum Pulse Width Summary
 22. Fast Model Setup: 'Clk'
 23. Fast Model Hold: 'Clk'
 24. Fast Model Minimum Pulse Width: 'Clk'
 25. Clock to Output Times
 26. Minimum Clock to Output Times
 27. Multicorner Timing Analysis Summary
 28. Clock to Output Times
 29. Minimum Clock to Output Times
 30. Setup Transfers
 31. Hold Transfers
 32. Report TCCS
 33. Report RSKM
 34. Unconstrained Paths
 35. TimeQuest Timing Analyzer Messages



----------------
; Legal Notice ;
----------------
Copyright (C) 1991-2013 Altera Corporation
Your use of Altera Corporation's design tools, logic functions 
and other software and tools, and its AMPP partner logic 
functions, and any output files from any of the foregoing 
(including device programming or simulation files), and any 
associated documentation or information are expressly subject 
to the terms and conditions of the Altera Program License 
Subscription Agreement, Altera MegaCore Function License 
Agreement, or other applicable license agreement, including, 
without limitation, that your use is for the sole purpose of 
programming logic devices manufactured by Altera and sold by 
Altera or its authorized distributors.  Please refer to the 
applicable agreement for further details.



+----------------------------------------------------------------------------------------+
; TimeQuest Timing Analyzer Summary                                                      ;
+--------------------+-------------------------------------------------------------------+
; Quartus II Version ; Version 13.0.1 Build 232 06/12/2013 Service Pack 1 SJ Web Edition ;
; Revision Name      ; DES_ALGORITHM_128BIT                                              ;
; Device Family      ; Cyclone II                                                        ;
; Device Name        ; EP2C35F672C6                                                      ;
; Timing Models      ; Final                                                             ;
; Delay Model        ; Combined                                                          ;
; Rise/Fall Delays   ; Unavailable                                                       ;
+--------------------+-------------------------------------------------------------------+


Parallel compilation was disabled, but you have multiple processors available. Enable parallel compilation to reduce compilation time.
+-------------------------------------+
; Parallel Compilation                ;
+----------------------------+--------+
; Processors                 ; Number ;
+----------------------------+--------+
; Number detected on machine ; 16     ;
; Maximum allowed            ; 1      ;
+----------------------------+--------+


+---------------------------------------------------+
; SDC File List                                     ;
+---------------+--------+--------------------------+
; SDC File Path ; Status ; Read at                  ;
+---------------+--------+--------------------------+
; TIMING.sdc    ; OK     ; Wed Dec 03 18:51:52 2025 ;
+---------------+--------+--------------------------+


+--------------------------------------------------------------------------------------------------------------------------------------------------------------------------------+
; Clocks                                                                                                                                                                         ;
+------------+------+--------+-----------+-------+-------+------------+-----------+-------------+-------+--------+-----------+------------+----------+--------+--------+---------+
; Clock Name ; Type ; Period ; Frequency ; Rise  ; Fall  ; Duty Cycle ; Divide by ; Multiply by ; Phase ; Offset ; Edge List ; Edge Shift ; Inverted ; Master ; Source ; Targets ;
+------------+------+--------+-----------+-------+-------+------------+-----------+-------------+-------+--------+-----------+------------+----------+--------+--------+---------+
; Clk        ; Base ; 10.000 ; 100.0 MHz ; 0.000 ; 5.000 ;            ;           ;             ;       ;        ;           ;            ;          ;        ;        ; { Clk } ;
+------------+------+--------+-----------+-------+-------+------------+-----------+-------------+-------+--------+-----------+------------+----------+--------+--------+---------+


+--------------------------------------------------+
; Slow Model Fmax Summary                          ;
+------------+-----------------+------------+------+
; Fmax       ; Restricted Fmax ; Clock Name ; Note ;
+------------+-----------------+------------+------+
; 409.84 MHz ; 409.84 MHz      ; Clk        ;      ;
+------------+-----------------+------------+------+
This panel reports FMAX for every clock in the design, regardless of the user-specified clock periods.  FMAX is only computed for paths where the source and destination registers or ports are driven by the same clock.  Paths of different clocks, including generated clocks, are ignored.  For paths between a clock and its inversion, FMAX is computed as if the rising and falling edges are scaled along with FMAX, such that the duty cycle (in terms of a percentage) is maintained. Altera recommends that you always use clock constraints and other slack reports for sign-off analysis.


+-------------------------------+
; Slow Model Setup Summary      ;
+-------+-------+---------------+
; Clock ; Slack ; End Point TNS ;
+-------+-------+---------------+
; Clk   ; 7.560 ; 0.000         ;
+-------+-------+---------------+


+-------------------------------+
; Slow Model Hold Summary       ;
+-------+-------+---------------+
; Clock ; Slack ; End Point TNS ;
+-------+-------+---------------+
; Clk   ; 0.391 ; 0.000         ;
+-------+-------+---------------+


-------------------------------
; Slow Model Recovery Summary ;
-------------------------------
No paths to report.


------------------------------
; Slow Model Removal Summary ;
------------------------------
No paths to report.


+----------------------------------------+
; Slow Model Minimum Pulse Width Summary ;
+-------+-------+------------------------+
; Clock ; Slack ; End Point TNS          ;
+-------+-------+------------------------+
; Clk   ; 4.000 ; 0.000                  ;
+-------+-------+------------------------+


+-----------------------------------------------------------------------------------------------------------------+
; Slow Model Setup: 'Clk'                                                                                         ;
+-------+-----------------+-----------------+--------------+-------------+--------------+------------+------------+
; Slack ; From Node       ; To Node         ; Launch Clock ; Latch Clock ; Relationship ; Clock Skew ; Data Delay ;
+-------+-----------------+-----------------+--------------+-------------+--------------+------------+------------+
; 7.560 ; Counter[0]~reg0 ; Counter[4]~reg0 ; Clk          ; Clk         ; 10.000       ; 0.000      ; 2.476      ;
; 7.678 ; Counter[1]~reg0 ; Counter[4]~reg0 ; Clk          ; Clk         ; 10.000       ; 0.000      ; 2.358      ;
; 7.696 ; Counter[2]~reg0 ; Counter[4]~reg0 ; Clk          ; Clk         ; 10.000       ; 0.000      ; 2.340      ;
; 7.828 ; Counter[3]~reg0 ; Counter[4]~reg0 ; Clk          ; Clk         ; 10.000       ; 0.000      ; 2.208      ;
; 8.100 ; Counter[0]~reg0 ; Counter[1]~reg0 ; Clk          ; Clk         ; 10.000       ; 0.000      ; 1.936      ;
; 8.279 ; Counter[3]~reg0 ; Counter[1]~reg0 ; Clk          ; Clk         ; 10.000       ; 0.000      ; 1.757      ;
; 8.343 ; Counter[2]~reg0 ; Counter[1]~reg0 ; Clk          ; Clk         ; 10.000       ; 0.000      ; 1.693      ;
; 8.368 ; Counter[0]~reg0 ; Counter[3]~reg0 ; Clk          ; Clk         ; 10.000       ; 0.000      ; 1.668      ;
; 8.439 ; Counter[0]~reg0 ; Counter[2]~reg0 ; Clk          ; Clk         ; 10.000       ; 0.000      ; 1.597      ;
; 8.453 ; Counter[4]~reg0 ; Counter[4]~reg0 ; Clk          ; Clk         ; 10.000       ; 0.000      ; 1.583      ;
; 8.486 ; Counter[1]~reg0 ; Counter[3]~reg0 ; Clk          ; Clk         ; 10.000       ; 0.000      ; 1.550      ;
; 8.504 ; Counter[2]~reg0 ; Counter[3]~reg0 ; Clk          ; Clk         ; 10.000       ; 0.000      ; 1.532      ;
; 8.512 ; Counter[1]~reg0 ; Counter[1]~reg0 ; Clk          ; Clk         ; 10.000       ; 0.000      ; 1.524      ;
; 8.557 ; Counter[1]~reg0 ; Counter[2]~reg0 ; Clk          ; Clk         ; 10.000       ; 0.000      ; 1.479      ;
; 8.890 ; Counter[2]~reg0 ; Counter[2]~reg0 ; Clk          ; Clk         ; 10.000       ; 0.000      ; 1.146      ;
; 8.896 ; Counter[0]~reg0 ; Counter[0]~reg0 ; Clk          ; Clk         ; 10.000       ; 0.000      ; 1.140      ;
; 8.938 ; Counter[4]~reg0 ; Counter[1]~reg0 ; Clk          ; Clk         ; 10.000       ; 0.000      ; 1.098      ;
; 8.948 ; Counter[3]~reg0 ; Counter[3]~reg0 ; Clk          ; Clk         ; 10.000       ; 0.000      ; 1.088      ;
+-------+-----------------+-----------------+--------------+-------------+--------------+------------+------------+


+-----------------------------------------------------------------------------------------------------------------+
; Slow Model Hold: 'Clk'                                                                                          ;
+-------+-----------------+-----------------+--------------+-------------+--------------+------------+------------+
; Slack ; From Node       ; To Node         ; Launch Clock ; Latch Clock ; Relationship ; Clock Skew ; Data Delay ;
+-------+-----------------+-----------------+--------------+-------------+--------------+------------+------------+
; 0.391 ; Counter[4]~reg0 ; Counter[4]~reg0 ; Clk          ; Clk         ; 0.000        ; 0.000      ; 0.657      ;
; 0.822 ; Counter[3]~reg0 ; Counter[3]~reg0 ; Clk          ; Clk         ; 0.000        ; 0.000      ; 1.088      ;
; 0.832 ; Counter[4]~reg0 ; Counter[1]~reg0 ; Clk          ; Clk         ; 0.000        ; 0.000      ; 1.098      ;
; 0.874 ; Counter[0]~reg0 ; Counter[0]~reg0 ; Clk          ; Clk         ; 0.000        ; 0.000      ; 1.140      ;
; 0.880 ; Counter[2]~reg0 ; Counter[2]~reg0 ; Clk          ; Clk         ; 0.000        ; 0.000      ; 1.146      ;
; 0.979 ; Counter[1]~reg0 ; Counter[4]~reg0 ; Clk          ; Clk         ; 0.000        ; 0.000      ; 1.245      ;
; 1.148 ; Counter[2]~reg0 ; Counter[4]~reg0 ; Clk          ; Clk         ; 0.000        ; 0.000      ; 1.414      ;
; 1.212 ; Counter[3]~reg0 ; Counter[4]~reg0 ; Clk          ; Clk         ; 0.000        ; 0.000      ; 1.478      ;
; 1.213 ; Counter[1]~reg0 ; Counter[2]~reg0 ; Clk          ; Clk         ; 0.000        ; 0.000      ; 1.479      ;
; 1.240 ; Counter[1]~reg0 ; Counter[1]~reg0 ; Clk          ; Clk         ; 0.000        ; 0.000      ; 1.506      ;
; 1.266 ; Counter[2]~reg0 ; Counter[3]~reg0 ; Clk          ; Clk         ; 0.000        ; 0.000      ; 1.532      ;
; 1.284 ; Counter[1]~reg0 ; Counter[3]~reg0 ; Clk          ; Clk         ; 0.000        ; 0.000      ; 1.550      ;
; 1.314 ; Counter[0]~reg0 ; Counter[4]~reg0 ; Clk          ; Clk         ; 0.000        ; 0.000      ; 1.580      ;
; 1.331 ; Counter[0]~reg0 ; Counter[2]~reg0 ; Clk          ; Clk         ; 0.000        ; 0.000      ; 1.597      ;
; 1.402 ; Counter[0]~reg0 ; Counter[3]~reg0 ; Clk          ; Clk         ; 0.000        ; 0.000      ; 1.668      ;
; 1.427 ; Counter[2]~reg0 ; Counter[1]~reg0 ; Clk          ; Clk         ; 0.000        ; 0.000      ; 1.693      ;
; 1.491 ; Counter[3]~reg0 ; Counter[1]~reg0 ; Clk          ; Clk         ; 0.000        ; 0.000      ; 1.757      ;
; 1.593 ; Counter[0]~reg0 ; Counter[1]~reg0 ; Clk          ; Clk         ; 0.000        ; 0.000      ; 1.859      ;
+-------+-----------------+-----------------+--------------+-------------+--------------+------------+------------+


+-----------------------------------------------------------------------------------------------------+
; Slow Model Minimum Pulse Width: 'Clk'                                                               ;
+-------+--------------+----------------+------------------+-------+------------+---------------------+
; Slack ; Actual Width ; Required Width ; Type             ; Clock ; Clock Edge ; Target              ;
+-------+--------------+----------------+------------------+-------+------------+---------------------+
; 4.000 ; 5.000        ; 1.000          ; High Pulse Width ; Clk   ; Rise       ; Counter[0]~reg0     ;
; 4.000 ; 5.000        ; 1.000          ; Low Pulse Width  ; Clk   ; Rise       ; Counter[0]~reg0     ;
; 4.000 ; 5.000        ; 1.000          ; High Pulse Width ; Clk   ; Rise       ; Counter[1]~reg0     ;
; 4.000 ; 5.000        ; 1.000          ; Low Pulse Width  ; Clk   ; Rise       ; Counter[1]~reg0     ;
; 4.000 ; 5.000        ; 1.000          ; High Pulse Width ; Clk   ; Rise       ; Counter[2]~reg0     ;
; 4.000 ; 5.000        ; 1.000          ; Low Pulse Width  ; Clk   ; Rise       ; Counter[2]~reg0     ;
; 4.000 ; 5.000        ; 1.000          ; High Pulse Width ; Clk   ; Rise       ; Counter[3]~reg0     ;
; 4.000 ; 5.000        ; 1.000          ; Low Pulse Width  ; Clk   ; Rise       ; Counter[3]~reg0     ;
; 4.000 ; 5.000        ; 1.000          ; High Pulse Width ; Clk   ; Rise       ; Counter[4]~reg0     ;
; 4.000 ; 5.000        ; 1.000          ; Low Pulse Width  ; Clk   ; Rise       ; Counter[4]~reg0     ;
; 4.000 ; 5.000        ; 1.000          ; High Pulse Width ; Clk   ; Rise       ; Pre_state~reg0      ;
; 4.000 ; 5.000        ; 1.000          ; Low Pulse Width  ; Clk   ; Rise       ; Pre_state~reg0      ;
; 5.000 ; 5.000        ; 0.000          ; High Pulse Width ; Clk   ; Rise       ; Clk|combout         ;
; 5.000 ; 5.000        ; 0.000          ; Low Pulse Width  ; Clk   ; Rise       ; Clk|combout         ;
; 5.000 ; 5.000        ; 0.000          ; High Pulse Width ; Clk   ; Rise       ; Counter[0]~reg0|clk ;
; 5.000 ; 5.000        ; 0.000          ; Low Pulse Width  ; Clk   ; Rise       ; Counter[0]~reg0|clk ;
; 5.000 ; 5.000        ; 0.000          ; High Pulse Width ; Clk   ; Rise       ; Counter[1]~reg0|clk ;
; 5.000 ; 5.000        ; 0.000          ; Low Pulse Width  ; Clk   ; Rise       ; Counter[1]~reg0|clk ;
; 5.000 ; 5.000        ; 0.000          ; High Pulse Width ; Clk   ; Rise       ; Counter[2]~reg0|clk ;
; 5.000 ; 5.000        ; 0.000          ; Low Pulse Width  ; Clk   ; Rise       ; Counter[2]~reg0|clk ;
; 5.000 ; 5.000        ; 0.000          ; High Pulse Width ; Clk   ; Rise       ; Counter[3]~reg0|clk ;
; 5.000 ; 5.000        ; 0.000          ; Low Pulse Width  ; Clk   ; Rise       ; Counter[3]~reg0|clk ;
; 5.000 ; 5.000        ; 0.000          ; High Pulse Width ; Clk   ; Rise       ; Counter[4]~reg0|clk ;
; 5.000 ; 5.000        ; 0.000          ; Low Pulse Width  ; Clk   ; Rise       ; Counter[4]~reg0|clk ;
; 5.000 ; 5.000        ; 0.000          ; High Pulse Width ; Clk   ; Rise       ; Pre_state~reg0|clk  ;
; 5.000 ; 5.000        ; 0.000          ; Low Pulse Width  ; Clk   ; Rise       ; Pre_state~reg0|clk  ;
; 7.620 ; 10.000       ; 2.380          ; Port Rate        ; Clk   ; Rise       ; Clk                 ;
+-------+--------------+----------------+------------------+-------+------------+---------------------+


+-------------------------------------------------------------------------+
; Clock to Output Times                                                   ;
+-------------+------------+-------+-------+------------+-----------------+
; Data Port   ; Clock Port ; Rise  ; Fall  ; Clock Edge ; Clock Reference ;
+-------------+------------+-------+-------+------------+-----------------+
; Counter[*]  ; Clk        ; 6.040 ; 6.040 ; Rise       ; Clk             ;
;  Counter[0] ; Clk        ; 5.798 ; 5.798 ; Rise       ; Clk             ;
;  Counter[1] ; Clk        ; 6.040 ; 6.040 ; Rise       ; Clk             ;
;  Counter[2] ; Clk        ; 5.994 ; 5.994 ; Rise       ; Clk             ;
;  Counter[3] ; Clk        ; 5.805 ; 5.805 ; Rise       ; Clk             ;
;  Counter[4] ; Clk        ; 6.033 ; 6.033 ; Rise       ; Clk             ;
; Done        ; Clk        ; 7.837 ; 7.837 ; Rise       ; Clk             ;
; Pre_state   ; Clk        ; 6.053 ; 6.053 ; Rise       ; Clk             ;
+-------------+------------+-------+-------+------------+-----------------+


+-------------------------------------------------------------------------+
; Minimum Clock to Output Times                                           ;
+-------------+------------+-------+-------+------------+-----------------+
; Data Port   ; Clock Port ; Rise  ; Fall  ; Clock Edge ; Clock Reference ;
+-------------+------------+-------+-------+------------+-----------------+
; Counter[*]  ; Clk        ; 5.798 ; 5.798 ; Rise       ; Clk             ;
;  Counter[0] ; Clk        ; 5.798 ; 5.798 ; Rise       ; Clk             ;
;  Counter[1] ; Clk        ; 6.040 ; 6.040 ; Rise       ; Clk             ;
;  Counter[2] ; Clk        ; 5.994 ; 5.994 ; Rise       ; Clk             ;
;  Counter[3] ; Clk        ; 5.805 ; 5.805 ; Rise       ; Clk             ;
;  Counter[4] ; Clk        ; 6.033 ; 6.033 ; Rise       ; Clk             ;
; Done        ; Clk        ; 6.070 ; 6.070 ; Rise       ; Clk             ;
; Pre_state   ; Clk        ; 6.053 ; 6.053 ; Rise       ; Clk             ;
+-------------+------------+-------+-------+------------+-----------------+


+-------------------------------+
; Fast Model Setup Summary      ;
+-------+-------+---------------+
; Clock ; Slack ; End Point TNS ;
+-------+-------+---------------+
; Clk   ; 8.924 ; 0.000         ;
+-------+-------+---------------+


+-------------------------------+
; Fast Model Hold Summary       ;
+-------+-------+---------------+
; Clock ; Slack ; End Point TNS ;
+-------+-------+---------------+
; Clk   ; 0.215 ; 0.000         ;
+-------+-------+---------------+


-------------------------------
; Fast Model Recovery Summary ;
-------------------------------
No paths to report.


------------------------------
; Fast Model Removal Summary ;
------------------------------
No paths to report.


+----------------------------------------+
; Fast Model Minimum Pulse Width Summary ;
+-------+-------+------------------------+
; Clock ; Slack ; End Point TNS          ;
+-------+-------+------------------------+
; Clk   ; 4.000 ; 0.000                  ;
+-------+-------+------------------------+


+-----------------------------------------------------------------------------------------------------------------+
; Fast Model Setup: 'Clk'                                                                                         ;
+-------+-----------------+-----------------+--------------+-------------+--------------+------------+------------+
; Slack ; From Node       ; To Node         ; Launch Clock ; Latch Clock ; Relationship ; Clock Skew ; Data Delay ;
+-------+-----------------+-----------------+--------------+-------------+--------------+------------+------------+
; 8.924 ; Counter[0]~reg0 ; Counter[4]~reg0 ; Clk          ; Clk         ; 10.000       ; 0.000      ; 1.108      ;
; 8.975 ; Counter[1]~reg0 ; Counter[4]~reg0 ; Clk          ; Clk         ; 10.000       ; 0.000      ; 1.057      ;
; 8.988 ; Counter[2]~reg0 ; Counter[4]~reg0 ; Clk          ; Clk         ; 10.000       ; 0.000      ; 1.044      ;
; 9.053 ; Counter[3]~reg0 ; Counter[4]~reg0 ; Clk          ; Clk         ; 10.000       ; 0.000      ; 0.979      ;
; 9.161 ; Counter[0]~reg0 ; Counter[1]~reg0 ; Clk          ; Clk         ; 10.000       ; 0.000      ; 0.871      ;
; 9.192 ; Counter[3]~reg0 ; Counter[1]~reg0 ; Clk          ; Clk         ; 10.000       ; 0.000      ; 0.840      ;
; 9.239 ; Counter[2]~reg0 ; Counter[1]~reg0 ; Clk          ; Clk         ; 10.000       ; 0.000      ; 0.793      ;
; 9.279 ; Counter[0]~reg0 ; Counter[3]~reg0 ; Clk          ; Clk         ; 10.000       ; 0.000      ; 0.753      ;
; 9.290 ; Counter[4]~reg0 ; Counter[4]~reg0 ; Clk          ; Clk         ; 10.000       ; 0.000      ; 0.742      ;
; 9.314 ; Counter[0]~reg0 ; Counter[2]~reg0 ; Clk          ; Clk         ; 10.000       ; 0.000      ; 0.718      ;
; 9.317 ; Counter[1]~reg0 ; Counter[1]~reg0 ; Clk          ; Clk         ; 10.000       ; 0.000      ; 0.715      ;
; 9.330 ; Counter[1]~reg0 ; Counter[3]~reg0 ; Clk          ; Clk         ; 10.000       ; 0.000      ; 0.702      ;
; 9.343 ; Counter[2]~reg0 ; Counter[3]~reg0 ; Clk          ; Clk         ; 10.000       ; 0.000      ; 0.689      ;
; 9.365 ; Counter[1]~reg0 ; Counter[2]~reg0 ; Clk          ; Clk         ; 10.000       ; 0.000      ; 0.667      ;
; 9.483 ; Counter[2]~reg0 ; Counter[2]~reg0 ; Clk          ; Clk         ; 10.000       ; 0.000      ; 0.549      ;
; 9.485 ; Counter[4]~reg0 ; Counter[1]~reg0 ; Clk          ; Clk         ; 10.000       ; 0.000      ; 0.547      ;
; 9.489 ; Counter[0]~reg0 ; Counter[0]~reg0 ; Clk          ; Clk         ; 10.000       ; 0.000      ; 0.543      ;
; 9.511 ; Counter[3]~reg0 ; Counter[3]~reg0 ; Clk          ; Clk         ; 10.000       ; 0.000      ; 0.521      ;
+-------+-----------------+-----------------+--------------+-------------+--------------+------------+------------+


+-----------------------------------------------------------------------------------------------------------------+
; Fast Model Hold: 'Clk'                                                                                          ;
+-------+-----------------+-----------------+--------------+-------------+--------------+------------+------------+
; Slack ; From Node       ; To Node         ; Launch Clock ; Latch Clock ; Relationship ; Clock Skew ; Data Delay ;
+-------+-----------------+-----------------+--------------+-------------+--------------+------------+------------+
; 0.215 ; Counter[4]~reg0 ; Counter[4]~reg0 ; Clk          ; Clk         ; 0.000        ; 0.000      ; 0.367      ;
; 0.369 ; Counter[3]~reg0 ; Counter[3]~reg0 ; Clk          ; Clk         ; 0.000        ; 0.000      ; 0.521      ;
; 0.391 ; Counter[0]~reg0 ; Counter[0]~reg0 ; Clk          ; Clk         ; 0.000        ; 0.000      ; 0.543      ;
; 0.395 ; Counter[4]~reg0 ; Counter[1]~reg0 ; Clk          ; Clk         ; 0.000        ; 0.000      ; 0.547      ;
; 0.397 ; Counter[2]~reg0 ; Counter[2]~reg0 ; Clk          ; Clk         ; 0.000        ; 0.000      ; 0.549      ;
; 0.438 ; Counter[1]~reg0 ; Counter[4]~reg0 ; Clk          ; Clk         ; 0.000        ; 0.000      ; 0.590      ;
; 0.515 ; Counter[1]~reg0 ; Counter[2]~reg0 ; Clk          ; Clk         ; 0.000        ; 0.000      ; 0.667      ;
; 0.516 ; Counter[2]~reg0 ; Counter[4]~reg0 ; Clk          ; Clk         ; 0.000        ; 0.000      ; 0.668      ;
; 0.537 ; Counter[2]~reg0 ; Counter[3]~reg0 ; Clk          ; Clk         ; 0.000        ; 0.000      ; 0.689      ;
; 0.550 ; Counter[1]~reg0 ; Counter[3]~reg0 ; Clk          ; Clk         ; 0.000        ; 0.000      ; 0.702      ;
; 0.552 ; Counter[1]~reg0 ; Counter[1]~reg0 ; Clk          ; Clk         ; 0.000        ; 0.000      ; 0.704      ;
; 0.563 ; Counter[3]~reg0 ; Counter[4]~reg0 ; Clk          ; Clk         ; 0.000        ; 0.000      ; 0.715      ;
; 0.566 ; Counter[0]~reg0 ; Counter[2]~reg0 ; Clk          ; Clk         ; 0.000        ; 0.000      ; 0.718      ;
; 0.594 ; Counter[0]~reg0 ; Counter[4]~reg0 ; Clk          ; Clk         ; 0.000        ; 0.000      ; 0.746      ;
; 0.601 ; Counter[0]~reg0 ; Counter[3]~reg0 ; Clk          ; Clk         ; 0.000        ; 0.000      ; 0.753      ;
; 0.641 ; Counter[2]~reg0 ; Counter[1]~reg0 ; Clk          ; Clk         ; 0.000        ; 0.000      ; 0.793      ;
; 0.688 ; Counter[3]~reg0 ; Counter[1]~reg0 ; Clk          ; Clk         ; 0.000        ; 0.000      ; 0.840      ;
; 0.706 ; Counter[0]~reg0 ; Counter[1]~reg0 ; Clk          ; Clk         ; 0.000        ; 0.000      ; 0.858      ;
+-------+-----------------+-----------------+--------------+-------------+--------------+------------+------------+


+-----------------------------------------------------------------------------------------------------+
; Fast Model Minimum Pulse Width: 'Clk'                                                               ;
+-------+--------------+----------------+------------------+-------+------------+---------------------+
; Slack ; Actual Width ; Required Width ; Type             ; Clock ; Clock Edge ; Target              ;
+-------+--------------+----------------+------------------+-------+------------+---------------------+
; 4.000 ; 5.000        ; 1.000          ; High Pulse Width ; Clk   ; Rise       ; Counter[0]~reg0     ;
; 4.000 ; 5.000        ; 1.000          ; Low Pulse Width  ; Clk   ; Rise       ; Counter[0]~reg0     ;
; 4.000 ; 5.000        ; 1.000          ; High Pulse Width ; Clk   ; Rise       ; Counter[1]~reg0     ;
; 4.000 ; 5.000        ; 1.000          ; Low Pulse Width  ; Clk   ; Rise       ; Counter[1]~reg0     ;
; 4.000 ; 5.000        ; 1.000          ; High Pulse Width ; Clk   ; Rise       ; Counter[2]~reg0     ;
; 4.000 ; 5.000        ; 1.000          ; Low Pulse Width  ; Clk   ; Rise       ; Counter[2]~reg0     ;
; 4.000 ; 5.000        ; 1.000          ; High Pulse Width ; Clk   ; Rise       ; Counter[3]~reg0     ;
; 4.000 ; 5.000        ; 1.000          ; Low Pulse Width  ; Clk   ; Rise       ; Counter[3]~reg0     ;
; 4.000 ; 5.000        ; 1.000          ; High Pulse Width ; Clk   ; Rise       ; Counter[4]~reg0     ;
; 4.000 ; 5.000        ; 1.000          ; Low Pulse Width  ; Clk   ; Rise       ; Counter[4]~reg0     ;
; 4.000 ; 5.000        ; 1.000          ; High Pulse Width ; Clk   ; Rise       ; Pre_state~reg0      ;
; 4.000 ; 5.000        ; 1.000          ; Low Pulse Width  ; Clk   ; Rise       ; Pre_state~reg0      ;
; 5.000 ; 5.000        ; 0.000          ; High Pulse Width ; Clk   ; Rise       ; Clk|combout         ;
; 5.000 ; 5.000        ; 0.000          ; Low Pulse Width  ; Clk   ; Rise       ; Clk|combout         ;
; 5.000 ; 5.000        ; 0.000          ; High Pulse Width ; Clk   ; Rise       ; Counter[0]~reg0|clk ;
; 5.000 ; 5.000        ; 0.000          ; Low Pulse Width  ; Clk   ; Rise       ; Counter[0]~reg0|clk ;
; 5.000 ; 5.000        ; 0.000          ; High Pulse Width ; Clk   ; Rise       ; Counter[1]~reg0|clk ;
; 5.000 ; 5.000        ; 0.000          ; Low Pulse Width  ; Clk   ; Rise       ; Counter[1]~reg0|clk ;
; 5.000 ; 5.000        ; 0.000          ; High Pulse Width ; Clk   ; Rise       ; Counter[2]~reg0|clk ;
; 5.000 ; 5.000        ; 0.000          ; Low Pulse Width  ; Clk   ; Rise       ; Counter[2]~reg0|clk ;
; 5.000 ; 5.000        ; 0.000          ; High Pulse Width ; Clk   ; Rise       ; Counter[3]~reg0|clk ;
; 5.000 ; 5.000        ; 0.000          ; Low Pulse Width  ; Clk   ; Rise       ; Counter[3]~reg0|clk ;
; 5.000 ; 5.000        ; 0.000          ; High Pulse Width ; Clk   ; Rise       ; Counter[4]~reg0|clk ;
; 5.000 ; 5.000        ; 0.000          ; Low Pulse Width  ; Clk   ; Rise       ; Counter[4]~reg0|clk ;
; 5.000 ; 5.000        ; 0.000          ; High Pulse Width ; Clk   ; Rise       ; Pre_state~reg0|clk  ;
; 5.000 ; 5.000        ; 0.000          ; Low Pulse Width  ; Clk   ; Rise       ; Pre_state~reg0|clk  ;
; 7.620 ; 10.000       ; 2.380          ; Port Rate        ; Clk   ; Rise       ; Clk                 ;
+-------+--------------+----------------+------------------+-------+------------+---------------------+


+-------------------------------------------------------------------------+
; Clock to Output Times                                                   ;
+-------------+------------+-------+-------+------------+-----------------+
; Data Port   ; Clock Port ; Rise  ; Fall  ; Clock Edge ; Clock Reference ;
+-------------+------------+-------+-------+------------+-----------------+
; Counter[*]  ; Clk        ; 3.240 ; 3.240 ; Rise       ; Clk             ;
;  Counter[0] ; Clk        ; 3.130 ; 3.130 ; Rise       ; Clk             ;
;  Counter[1] ; Clk        ; 3.239 ; 3.239 ; Rise       ; Clk             ;
;  Counter[2] ; Clk        ; 3.202 ; 3.202 ; Rise       ; Clk             ;
;  Counter[3] ; Clk        ; 3.133 ; 3.133 ; Rise       ; Clk             ;
;  Counter[4] ; Clk        ; 3.240 ; 3.240 ; Rise       ; Clk             ;
; Done        ; Clk        ; 4.018 ; 4.018 ; Rise       ; Clk             ;
; Pre_state   ; Clk        ; 3.254 ; 3.254 ; Rise       ; Clk             ;
+-------------+------------+-------+-------+------------+-----------------+


+-------------------------------------------------------------------------+
; Minimum Clock to Output Times                                           ;
+-------------+------------+-------+-------+------------+-----------------+
; Data Port   ; Clock Port ; Rise  ; Fall  ; Clock Edge ; Clock Reference ;
+-------------+------------+-------+-------+------------+-----------------+
; Counter[*]  ; Clk        ; 3.130 ; 3.130 ; Rise       ; Clk             ;
;  Counter[0] ; Clk        ; 3.130 ; 3.130 ; Rise       ; Clk             ;
;  Counter[1] ; Clk        ; 3.239 ; 3.239 ; Rise       ; Clk             ;
;  Counter[2] ; Clk        ; 3.202 ; 3.202 ; Rise       ; Clk             ;
;  Counter[3] ; Clk        ; 3.133 ; 3.133 ; Rise       ; Clk             ;
;  Counter[4] ; Clk        ; 3.240 ; 3.240 ; Rise       ; Clk             ;
; Done        ; Clk        ; 3.277 ; 3.277 ; Rise       ; Clk             ;
; Pre_state   ; Clk        ; 3.254 ; 3.254 ; Rise       ; Clk             ;
+-------------+------------+-------+-------+------------+-----------------+


+-----------------------------------------------------------------------------+
; Multicorner Timing Analysis Summary                                         ;
+------------------+-------+-------+----------+---------+---------------------+
; Clock            ; Setup ; Hold  ; Recovery ; Removal ; Minimum Pulse Width ;
+------------------+-------+-------+----------+---------+---------------------+
; Worst-case Slack ; 7.560 ; 0.215 ; N/A      ; N/A     ; 4.000               ;
;  Clk             ; 7.560 ; 0.215 ; N/A      ; N/A     ; 4.000               ;
; Design-wide TNS  ; 0.0   ; 0.0   ; 0.0      ; 0.0     ; 0.0                 ;
;  Clk             ; 0.000 ; 0.000 ; N/A      ; N/A     ; 0.000               ;
+------------------+-------+-------+----------+---------+---------------------+


+-------------------------------------------------------------------------+
; Clock to Output Times                                                   ;
+-------------+------------+-------+-------+------------+-----------------+
; Data Port   ; Clock Port ; Rise  ; Fall  ; Clock Edge ; Clock Reference ;
+-------------+------------+-------+-------+------------+-----------------+
; Counter[*]  ; Clk        ; 6.040 ; 6.040 ; Rise       ; Clk             ;
;  Counter[0] ; Clk        ; 5.798 ; 5.798 ; Rise       ; Clk             ;
;  Counter[1] ; Clk        ; 6.040 ; 6.040 ; Rise       ; Clk             ;
;  Counter[2] ; Clk        ; 5.994 ; 5.994 ; Rise       ; Clk             ;
;  Counter[3] ; Clk        ; 5.805 ; 5.805 ; Rise       ; Clk             ;
;  Counter[4] ; Clk        ; 6.033 ; 6.033 ; Rise       ; Clk             ;
; Done        ; Clk        ; 7.837 ; 7.837 ; Rise       ; Clk             ;
; Pre_state   ; Clk        ; 6.053 ; 6.053 ; Rise       ; Clk             ;
+-------------+------------+-------+-------+------------+-----------------+


+-------------------------------------------------------------------------+
; Minimum Clock to Output Times                                           ;
+-------------+------------+-------+-------+------------+-----------------+
; Data Port   ; Clock Port ; Rise  ; Fall  ; Clock Edge ; Clock Reference ;
+-------------+------------+-------+-------+------------+-----------------+
; Counter[*]  ; Clk        ; 3.130 ; 3.130 ; Rise       ; Clk             ;
;  Counter[0] ; Clk        ; 3.130 ; 3.130 ; Rise       ; Clk             ;
;  Counter[1] ; Clk        ; 3.239 ; 3.239 ; Rise       ; Clk             ;
;  Counter[2] ; Clk        ; 3.202 ; 3.202 ; Rise       ; Clk             ;
;  Counter[3] ; Clk        ; 3.133 ; 3.133 ; Rise       ; Clk             ;
;  Counter[4] ; Clk        ; 3.240 ; 3.240 ; Rise       ; Clk             ;
; Done        ; Clk        ; 3.277 ; 3.277 ; Rise       ; Clk             ;
; Pre_state   ; Clk        ; 3.254 ; 3.254 ; Rise       ; Clk             ;
+-------------+------------+-------+-------+------------+-----------------+


+-------------------------------------------------------------------+
; Setup Transfers                                                   ;
+------------+----------+----------+----------+----------+----------+
; From Clock ; To Clock ; RR Paths ; FR Paths ; RF Paths ; FF Paths ;
+------------+----------+----------+----------+----------+----------+
; Clk        ; Clk      ; 25       ; 0        ; 0        ; 0        ;
+------------+----------+----------+----------+----------+----------+
Entries labeled "false path" only account for clock-to-clock false paths and not path-based false paths. As a result, actual path counts may be lower than reported.


+-------------------------------------------------------------------+
; Hold Transfers                                                    ;
+------------+----------+----------+----------+----------+----------+
; From Clock ; To Clock ; RR Paths ; FR Paths ; RF Paths ; FF Paths ;
+------------+----------+----------+----------+----------+----------+
; Clk        ; Clk      ; 25       ; 0        ; 0        ; 0        ;
+------------+----------+----------+----------+----------+----------+
Entries labeled "false path" only account for clock-to-clock false paths and not path-based false paths. As a result, actual path counts may be lower than reported.


---------------
; Report TCCS ;
---------------
No dedicated SERDES Transmitter circuitry present in device or used in design


---------------
; Report RSKM ;
---------------
No dedicated SERDES Receiver circuitry present in device or used in design


+------------------------------------------------+
; Unconstrained Paths                            ;
+---------------------------------+-------+------+
; Property                        ; Setup ; Hold ;
+---------------------------------+-------+------+
; Illegal Clocks                  ; 0     ; 0    ;
; Unconstrained Clocks            ; 2     ; 2    ;
; Unconstrained Input Ports       ; 1     ; 1    ;
; Unconstrained Input Port Paths  ; 6     ; 6    ;
; Unconstrained Output Ports      ; 10    ; 10   ;
; Unconstrained Output Port Paths ; 15    ; 15   ;
+---------------------------------+-------+------+


+------------------------------------+
; TimeQuest Timing Analyzer Messages ;
+------------------------------------+
Info: *******************************************************************
Info: Running Quartus II 64-Bit TimeQuest Timing Analyzer
    Info: Version 13.0.1 Build 232 06/12/2013 Service Pack 1 SJ Web Edition
    Info: Processing started: Wed Dec 03 18:51:51 2025
Info: Command: quartus_sta DES_ALGORITHM_128BIT -c DES_ALGORITHM_128BIT
Info: qsta_default_script.tcl version: #1
Warning (20028): Parallel compilation is not licensed and has been disabled
Info (21077): Low junction temperature is 0 degrees C
Info (21077): High junction temperature is 85 degrees C
Warning (335093): TimeQuest Timing Analyzer is analyzing 3 combinational loops as latches.
Info (332104): Reading SDC File: 'TIMING.sdc'
Warning (332174): Ignored filter at TIMING.sdc(4): Clk_machine could not be matched with a port
Warning (332049): Ignored create_clock at TIMING.sdc(4): Argument <targets> is an empty collection
    Info (332050): create_clock -name Clk_machine -period 2.500 [get_ports {Clk_machine}]
Warning (332060): Node: Pre_state~reg0 was determined to be a clock but was found without an associated clock assignment.
Warning (332060): Node: Counter[0]~reg0 was determined to be a clock but was found without an associated clock assignment.
Info: Found TIMEQUEST_REPORT_SCRIPT_INCLUDE_DEFAULT_ANALYSIS = ON
Info: Analyzing Slow Model
Info (332146): Worst-case setup slack is 7.560
    Info (332119):     Slack End Point TNS Clock 
    Info (332119): ========= ============= =====================
    Info (332119):     7.560         0.000 Clk 
Info (332146): Worst-case hold slack is 0.391
    Info (332119):     Slack End Point TNS Clock 
    Info (332119): ========= ============= =====================
    Info (332119):     0.391         0.000 Clk 
Info (332140): No Recovery paths to report
Info (332140): No Removal paths to report
Info (332146): Worst-case minimum pulse width slack is 4.000
    Info (332119):     Slack End Point TNS Clock 
    Info (332119): ========= ============= =====================
    Info (332119):     4.000         0.000 Clk 
Info (332001): The selected device family is not supported by the report_metastability command.
Info: Analyzing Fast Model
Warning (332060): Node: Pre_state~reg0 was determined to be a clock but was found without an associated clock assignment.
Warning (332060): Node: Counter[0]~reg0 was determined to be a clock but was found without an associated clock assignment.
Info (332146): Worst-case setup slack is 8.924
    Info (332119):     Slack End Point TNS Clock 
    Info (332119): ========= ============= =====================
    Info (332119):     8.924         0.000 Clk 
Info (332146): Worst-case hold slack is 0.215
    Info (332119):     Slack End Point TNS Clock 
    Info (332119): ========= ============= =====================
    Info (332119):     0.215         0.000 Clk 
Info (332140): No Recovery paths to report
Info (332140): No Removal paths to report
Info (332146): Worst-case minimum pulse width slack is 4.000
    Info (332119):     Slack End Point TNS Clock 
    Info (332119): ========= ============= =====================
    Info (332119):     4.000         0.000 Clk 
Info (332001): The selected device family is not supported by the report_metastability command.
Info (332102): Design is not fully constrained for setup requirements
Info (332102): Design is not fully constrained for hold requirements
Info: Quartus II 64-Bit TimeQuest Timing Analyzer was successful. 0 errors, 8 warnings
    Info: Peak virtual memory: 4550 megabytes
    Info: Processing ended: Wed Dec 03 18:51:52 2025
    Info: Elapsed time: 00:00:01
    Info: Total CPU time (on all processors): 00:00:02


